src/components/BottomNav.tsx(42,38): error TS2551: Property 'activeMode' does not exist on type 'State'. Did you mean 'setActiveMode'?
src/components/VerificationGate.tsx(13,34): error TS2339: Property 'verification' does not exist on type 'State'.
src/routes/_app.contract.$id.tsx(20,11): error TS2339: Property 'draft' does not exist on type 'State'.
src/routes/_app.contract.$id.tsx(20,18): error TS2339: Property 'updateDraft' does not exist on type 'State'.
src/routes/_app.delivery.$rentalId.tsx(23,36): error TS2339: Property 'delivery' does not exist on type 'State'.
src/routes/_app.delivery.$rentalId.tsx(24,36): error TS2339: Property 'setDeliveryState' does not exist on type 'State'.
src/routes/_app.item.$id.tsx(20,38): error TS2339: Property 'startDraft' does not exist on type 'State'.
src/routes/_app.messages.tsx(13,36): error TS2339: Property 'vendorProfile' does not exist on type 'State'.
src/routes/_app.messages.tsx(14,35): error TS2339: Property 'negotiation' does not exist on type 'State'.
src/routes/_app.messages.tsx(16,31): error TS7006: Parameter 'r' implicitly has an 'any' type.
src/routes/_app.messages.tsx(32,23): error TS7031: Binding element 'request' implicitly has an 'any' type.
src/routes/_app.messages.tsx(32,32): error TS7031: Binding element 'lastMessage' implicitly has an 'any' type.
src/routes/_app.new.tsx(10,27): error TS2551: Property 'activeMode' does not exist on type 'State'. Did you mean 'setActiveMode'?
src/routes/_app.new.tsx(18,35): error TS2339: Property 'setRole' does not exist on type 'State'.
src/routes/_app.payment.$id.tsx(6,23): error TS2305: Module '"@/lib/store"' has no exported member 'PaymentMethod'.
src/routes/_app.payment.$id.tsx(24,11): error TS2339: Property 'draft' does not exist on type 'State'.
src/routes/_app.payment.$id.tsx(24,18): error TS2339: Property 'updateDraft' does not exist on type 'State'.
src/routes/_app.profile.tsx(16,40): error TS2339: Property 'verification' does not exist on type 'State'.
src/routes/_app.profile.tsx(17,32): error TS2339: Property 'role' does not exist on type 'State'.
src/routes/_app.profile.tsx(18,38): error TS2551: Property 'activeMode' does not exist on type 'State'. Did you mean 'setActiveMode'?
src/routes/_app.profile.tsx(19,42): error TS2339: Property 'unlockedVendor' does not exist on type 'State'.
src/routes/_app.profile.tsx(21,40): error TS2339: Property 'unlockVendor' does not exist on type 'State'.
src/routes/_app.profile.tsx(22,35): error TS2339: Property 'setRole' does not exist on type 'State'.
src/routes/_app.rent.$id.tsx(17,33): error TS2339: Property 'draft' does not exist on type 'State'.
src/routes/_app.rent.$id.tsx(18,39): error TS2339: Property 'updateDraft' does not exist on type 'State'.
src/routes/_app.rentals.tsx(14,33): error TS2339: Property 'draft' does not exist on type 'State'.
src/routes/_app.rentals.tsx(15,36): error TS2339: Property 'delivery' does not exist on type 'State'.
src/routes/_app.success.tsx(11,37): error TS2339: Property 'draft' does not exist on type 'State'.
src/routes/_app.thread.$requestId.tsx(16,32): error TS2551: Property 'activeMode' does not exist on type 'State'. Did you mean 'setActiveMode'?
src/routes/_app.thread.$requestId.tsx(18,7): error TS2339: Property 'vendorProfile' does not exist on type 'State'.
src/routes/_app.thread.$requestId.tsx(18,36): error TS7006: Parameter 'r' implicitly has an 'any' type.
src/routes/_app.thread.$requestId.tsx(20,36): error TS2339: Property 'negotiation' does not exist on type 'State'.
src/routes/_app.thread.$requestId.tsx(21,41): error TS2339: Property 'appendMessage' does not exist on type 'State'.
src/routes/_app.thread.$requestId.tsx(22,44): error TS2339: Property 'setRequestStatus' does not exist on type 'State'.
src/routes/_app.thread.$requestId.tsx(23,38): error TS2339: Property 'startDraft' does not exist on type 'State'.
src/routes/_app.thread.$requestId.tsx(24,39): error TS2339: Property 'updateDraft' does not exist on type 'State'.
src/routes/_app.thread.$requestId.tsx(41,7): error TS2561: Object literal may only specify known properties, but 'author' does not exist in type 'Message'. Did you mean to write 'authorId'?
src/routes/_app.thread.$requestId.tsx(55,7): error TS2561: Object literal may only specify known properties, but 'author' does not exist in type 'Message'. Did you mean to write 'authorId'?
src/routes/_app.thread.$requestId.tsx(106,24): error TS7006: Parameter 'm' implicitly has an 'any' type.
src/routes/_app.vendor.index.tsx(21,36): error TS2339: Property 'vendorProfile' does not exist on type 'State'.
src/routes/_app.vendor.index.tsx(22,36): error TS2339: Property 'vendorProfile' does not exist on type 'State'.
src/routes/_app.vendor.index.tsx(23,36): error TS2339: Property 'delivery' does not exist on type 'State'.
src/routes/_app.vendor.index.tsx(26,6): error TS7006: Parameter 'r' implicitly has an 'any' type.
src/routes/_app.vendor.index.tsx(30,39): error TS7006: Parameter 'sum' implicitly has an 'any' type.
src/routes/_app.vendor.index.tsx(30,44): error TS7006: Parameter 'l' implicitly has an 'any' type.
src/routes/_app.vendor.index.tsx(78,35): error TS7006: Parameter 'l' implicitly has an 'any' type.
src/routes/_app.vendor.index.tsx(103,39): error TS7006: Parameter 'r' implicitly has an 'any' type.
src/routes/_app.vendor.listings.tsx(11,36): error TS2339: Property 'vendorProfile' does not exist on type 'State'.
src/routes/_app.vendor.listings.tsx(12,36): error TS2339: Property 'verification' does not exist on type 'State'.
src/routes/_app.vendor.listings.tsx(46,24): error TS7006: Parameter 'l' implicitly has an 'any' type.
src/routes/_app.vendor.new.tsx(18,33): error TS2339: Property 'listingDraft' does not exist on type 'State'.
src/routes/_app.vendor.new.tsx(19,34): error TS2339: Property 'updateListingDraft' does not exist on type 'State'.
src/routes/_app.vendor.new.tsx(20,35): error TS2339: Property 'publishListing' does not exist on type 'State'.
src/routes/_app.vendor.new.tsx(130,36): error TS7006: Parameter 'p' implicitly has an 'any' type.
src/routes/_app.vendor.requests.tsx(12,36): error TS2339: Property 'vendorProfile' does not exist on type 'State'.
src/routes/_app.vendor.requests.tsx(13,37): error TS2339: Property 'setRequestStatus' does not exist on type 'State'.
src/routes/_app.vendor.requests.tsx(28,22): error TS7006: Parameter 'r' implicitly has an 'any' type.
src/routes/_app.verify.id.tsx(12,29): error TS2339: Property 'verification' does not exist on type 'State'.
src/routes/_app.verify.id.tsx(13,31): error TS2339: Property 'setVerificationField' does not exist on type 'State'.
src/routes/_app.verify.review.tsx(13,34): error TS2339: Property 'verification' does not exist on type 'State'.
src/routes/_app.verify.selfie.tsx(13,34): error TS2339: Property 'verification' does not exist on type 'State'.
src/routes/_app.verify.selfie.tsx(14,36): error TS2339: Property 'setVerificationField' does not exist on type 'State'.
src/routes/_app.verify.selfie.tsx(24,15): error TS2345: Argument of type '"pending"' is not assignable to parameter of type 'VerificationStatus'.
src/routes/_app.verify.tsx(17,34): error TS2339: Property 'verification' does not exist on type 'State'.
